  main.c
C:\Users\Durand\Desktop\Dev\Quetes\B1\Quete 3 Asteroids\Asteroids\CSFML TEMPLATE\main.c(78,13): warning C4244: '=' : conversion de 'sfInt64' en 'float', perte possible de données
C:\Users\Durand\Desktop\Dev\Quetes\B1\Quete 3 Asteroids\Asteroids\CSFML TEMPLATE\main.c(84,18): warning C4244: 'initialisation' : conversion de 'double' en 'float', perte possible de données
C:\Users\Durand\Desktop\Dev\Quetes\B1\Quete 3 Asteroids\Asteroids\CSFML TEMPLATE\main.c(94,12): warning C4244: 'return' : conversion de 'float' en 'int', perte possible de données
C:\Users\Durand\Desktop\Dev\Quetes\B1\Quete 3 Asteroids\Asteroids\CSFML TEMPLATE\main.c(93,22): warning C4244: 'initialisation' : conversion de 'sfInt32' en 'float', perte possible de données
C:\Users\Durand\Desktop\Dev\Quetes\B1\Quete 3 Asteroids\Asteroids\CSFML TEMPLATE\main.c(106,16): warning C4244: '=' : conversion de 'double' en 'float', perte possible de données
C:\Users\Durand\Desktop\Dev\Quetes\B1\Quete 3 Asteroids\Asteroids\CSFML TEMPLATE\main.c(110,55): warning C4244: '-=' : conversion de 'double' en 'float', perte possible de données
C:\Users\Durand\Desktop\Dev\Quetes\B1\Quete 3 Asteroids\Asteroids\CSFML TEMPLATE\main.c(111,55): warning C4244: '-=' : conversion de 'double' en 'float', perte possible de données
C:\Users\Durand\Desktop\Dev\Quetes\B1\Quete 3 Asteroids\Asteroids\CSFML TEMPLATE\main.c(149,58): warning C4244: 'fonction' : conversion de 'double' en 'float', perte possible de données
C:\Users\Durand\Desktop\Dev\Quetes\B1\Quete 3 Asteroids\Asteroids\CSFML TEMPLATE\main.c(150,58): warning C4244: 'fonction' : conversion de 'double' en 'float', perte possible de données
C:\Users\Durand\Desktop\Dev\Quetes\B1\Quete 3 Asteroids\Asteroids\CSFML TEMPLATE\main.c(171,37): warning C4244: '=' : conversion de 'double' en 'float', perte possible de données
C:\Users\Durand\Desktop\Dev\Quetes\B1\Quete 3 Asteroids\Asteroids\CSFML TEMPLATE\main.c(181,31): warning C4244: '=' : conversion de 'double' en 'float', perte possible de données
C:\Users\Durand\Desktop\Dev\Quetes\B1\Quete 3 Asteroids\Asteroids\CSFML TEMPLATE\main.c(212,25): warning C4244: '=' : conversion de 'double' en 'float', perte possible de données
C:\Users\Durand\Desktop\Dev\Quetes\B1\Quete 3 Asteroids\Asteroids\CSFML TEMPLATE\main.c(215,42): warning C4244: '=' : conversion de 'int' en 'float', perte possible de données
C:\Users\Durand\Desktop\Dev\Quetes\B1\Quete 3 Asteroids\Asteroids\CSFML TEMPLATE\main.c(216,42): warning C4244: '=' : conversion de 'int' en 'float', perte possible de données
C:\Users\Durand\Desktop\Dev\Quetes\B1\Quete 3 Asteroids\Asteroids\CSFML TEMPLATE\main.c(220,33): warning C4244: '=' : conversion de 'double' en 'float', perte possible de données
C:\Users\Durand\Desktop\Dev\Quetes\B1\Quete 3 Asteroids\Asteroids\CSFML TEMPLATE\main.c(244,29): warning C4244: '=' : conversion de 'double' en 'float', perte possible de données
C:\Users\Durand\Desktop\Dev\Quetes\B1\Quete 3 Asteroids\Asteroids\CSFML TEMPLATE\main.c(247,65): warning C4244: '=' : conversion de 'int' en 'float', perte possible de données
C:\Users\Durand\Desktop\Dev\Quetes\B1\Quete 3 Asteroids\Asteroids\CSFML TEMPLATE\main.c(248,65): warning C4244: '=' : conversion de 'int' en 'float', perte possible de données
C:\Users\Durand\Desktop\Dev\Quetes\B1\Quete 3 Asteroids\Asteroids\CSFML TEMPLATE\main.c(252,37): warning C4244: '=' : conversion de 'double' en 'float', perte possible de données
C:\Users\Durand\Desktop\Dev\Quetes\B1\Quete 3 Asteroids\Asteroids\CSFML TEMPLATE\main.c(207,41): warning C4244: 'initialisation' : conversion de 'int' en 'float', perte possible de données
C:\Users\Durand\Desktop\Dev\Quetes\B1\Quete 3 Asteroids\Asteroids\CSFML TEMPLATE\main.c(208,41): warning C4244: 'initialisation' : conversion de 'int' en 'float', perte possible de données
C:\Users\Durand\Desktop\Dev\Quetes\B1\Quete 3 Asteroids\Asteroids\CSFML TEMPLATE\main.c(239,62): warning C4244: 'initialisation' : conversion de 'int' en 'float', perte possible de données
C:\Users\Durand\Desktop\Dev\Quetes\B1\Quete 3 Asteroids\Asteroids\CSFML TEMPLATE\main.c(240,62): warning C4244: 'initialisation' : conversion de 'int' en 'float', perte possible de données
C:\Users\Durand\Desktop\Dev\Quetes\B1\Quete 3 Asteroids\Asteroids\CSFML TEMPLATE\main.c(277,23): warning C4244: '=' : conversion de 'double' en 'float', perte possible de données
C:\Users\Durand\Desktop\Dev\Quetes\B1\Quete 3 Asteroids\Asteroids\CSFML TEMPLATE\main.c(309,17): warning C4244: '=' : conversion de 'double' en 'float', perte possible de données
C:\Users\Durand\Desktop\Dev\Quetes\B1\Quete 3 Asteroids\Asteroids\CSFML TEMPLATE\main.c(312,34): warning C4244: '=' : conversion de 'int' en 'float', perte possible de données
C:\Users\Durand\Desktop\Dev\Quetes\B1\Quete 3 Asteroids\Asteroids\CSFML TEMPLATE\main.c(313,34): warning C4244: '=' : conversion de 'int' en 'float', perte possible de données
C:\Users\Durand\Desktop\Dev\Quetes\B1\Quete 3 Asteroids\Asteroids\CSFML TEMPLATE\main.c(317,25): warning C4244: '=' : conversion de 'double' en 'float', perte possible de données
C:\Users\Durand\Desktop\Dev\Quetes\B1\Quete 3 Asteroids\Asteroids\CSFML TEMPLATE\main.c(304,32): warning C4244: 'initialisation' : conversion de 'int' en 'float', perte possible de données
C:\Users\Durand\Desktop\Dev\Quetes\B1\Quete 3 Asteroids\Asteroids\CSFML TEMPLATE\main.c(305,32): warning C4244: 'initialisation' : conversion de 'int' en 'float', perte possible de données
C:\Users\Durand\Desktop\Dev\Quetes\B1\Quete 3 Asteroids\Asteroids\CSFML TEMPLATE\main.c(273,10): warning C4101: 'score' : variable locale non référencée
C:\Users\Durand\Desktop\Dev\Quetes\B1\Quete 3 Asteroids\Asteroids\CSFML TEMPLATE\main.c(332,11): warning C4244: 'fonction' : conversion de 'time_t' en 'unsigned int', perte possible de données
C:\Users\Durand\Desktop\Dev\Quetes\B1\Quete 3 Asteroids\Asteroids\CSFML TEMPLATE\main.c(436,42): warning C4244: 'initialisation' : conversion de 'int' en 'float', perte possible de données
C:\Users\Durand\Desktop\Dev\Quetes\B1\Quete 3 Asteroids\Asteroids\CSFML TEMPLATE\main.c(480,31): warning C4305: '=' : troncation de 'double' à 'float'
C:\Users\Durand\Desktop\Dev\Quetes\B1\Quete 3 Asteroids\Asteroids\CSFML TEMPLATE\main.c(503,20): warning C4305: '=' : troncation de 'double' à 'float'
C:\Users\Durand\Desktop\Dev\Quetes\B1\Quete 3 Asteroids\Asteroids\CSFML TEMPLATE\main.c(528,53): warning C4305: 'initialisation' : troncation de 'double' à 'float'
C:\Users\Durand\Desktop\Dev\Quetes\B1\Quete 3 Asteroids\Asteroids\CSFML TEMPLATE\main.c(528,58): warning C4305: 'initialisation' : troncation de 'double' à 'float'
C:\Users\Durand\Desktop\Dev\Quetes\B1\Quete 3 Asteroids\Asteroids\CSFML TEMPLATE\main.c(535,45): warning C4305: 'initialisation' : troncation de 'double' à 'float'
C:\Users\Durand\Desktop\Dev\Quetes\B1\Quete 3 Asteroids\Asteroids\CSFML TEMPLATE\main.c(535,50): warning C4305: 'initialisation' : troncation de 'double' à 'float'
C:\Users\Durand\Desktop\Dev\Quetes\B1\Quete 3 Asteroids\Asteroids\CSFML TEMPLATE\main.c(653,51): warning C4305: '=' : troncation de 'double' à 'float'
C:\Users\Durand\Desktop\Dev\Quetes\B1\Quete 3 Asteroids\Asteroids\CSFML TEMPLATE\main.c(660,51): warning C4305: '=' : troncation de 'double' à 'float'
C:\Users\Durand\Desktop\Dev\Quetes\B1\Quete 3 Asteroids\Asteroids\CSFML TEMPLATE\main.c(709,35): warning C4047: 'fonction' : les niveaux d'indirection de 'obj *' et de 'obj (*)[10]' sont différents
C:\Users\Durand\Desktop\Dev\Quetes\B1\Quete 3 Asteroids\Asteroids\CSFML TEMPLATE\main.c(709,35): warning C4024: 'gestionBullet' : types différents pour le paramètre formel et réel 1
C:\Users\Durand\Desktop\Dev\Quetes\B1\Quete 3 Asteroids\Asteroids\CSFML TEMPLATE\main.c(717,55): warning C4244: 'fonction' : conversion de 'double' en 'float', perte possible de données
C:\Users\Durand\Desktop\Dev\Quetes\B1\Quete 3 Asteroids\Asteroids\CSFML TEMPLATE\main.c(718,55): warning C4244: 'fonction' : conversion de 'double' en 'float', perte possible de données
C:\Users\Durand\Desktop\Dev\Quetes\B1\Quete 3 Asteroids\Asteroids\CSFML TEMPLATE\main.c(742,27): warning C4047: 'fonction' : les niveaux d'indirection de 'obj *' et de 'obj (*)[10]' sont différents
C:\Users\Durand\Desktop\Dev\Quetes\B1\Quete 3 Asteroids\Asteroids\CSFML TEMPLATE\main.c(742,27): warning C4024: 'gestionBullet' : types différents pour le paramètre formel et réel 1
C:\Users\Durand\Desktop\Dev\Quetes\B1\Quete 3 Asteroids\Asteroids\CSFML TEMPLATE\main.c(749,51): warning C4047: 'fonction' : les niveaux d'indirection de 'obj *' et de 'obj (*)[10]' sont différents
C:\Users\Durand\Desktop\Dev\Quetes\B1\Quete 3 Asteroids\Asteroids\CSFML TEMPLATE\main.c(749,51): warning C4024: 'gestionEnnemis' : types différents pour le paramètre formel et réel 3
C:\Users\Durand\Desktop\Dev\Quetes\B1\Quete 3 Asteroids\Asteroids\CSFML TEMPLATE\main.c(756,45): warning C4047: 'fonction' : les niveaux d'indirection de 'obj *' et de 'obj (*)[10]' sont différents
C:\Users\Durand\Desktop\Dev\Quetes\B1\Quete 3 Asteroids\Asteroids\CSFML TEMPLATE\main.c(756,45): warning C4024: 'gestionBoss' : types différents pour le paramètre formel et réel 3
C:\Users\Durand\Desktop\Dev\Quetes\B1\Quete 3 Asteroids\Asteroids\CSFML TEMPLATE\main.c(760,45): warning C4047: 'fonction' : les niveaux d'indirection de 'obj *' et de 'obj (*)[10]' sont différents
C:\Users\Durand\Desktop\Dev\Quetes\B1\Quete 3 Asteroids\Asteroids\CSFML TEMPLATE\main.c(760,45): warning C4024: 'gestionBoss' : types différents pour le paramètre formel et réel 3
C:\Users\Durand\Desktop\Dev\Quetes\B1\Quete 3 Asteroids\Asteroids\CSFML TEMPLATE\main.c(762,55): warning C4047: 'fonction' : les niveaux d'indirection de 'obj *' et de 'obj (*)[10]' sont différents
C:\Users\Durand\Desktop\Dev\Quetes\B1\Quete 3 Asteroids\Asteroids\CSFML TEMPLATE\main.c(762,55): warning C4024: 'gestionEnnemis' : types différents pour le paramètre formel et réel 3
C:\Users\Durand\Desktop\Dev\Quetes\B1\Quete 3 Asteroids\Asteroids\CSFML TEMPLATE\main.c(767,28): warning C4047: 'fonction' : les niveaux d'indirection de 'ennemis *' et de 'ennemis (*)[20]' sont différents
C:\Users\Durand\Desktop\Dev\Quetes\B1\Quete 3 Asteroids\Asteroids\CSFML TEMPLATE\main.c(767,28): warning C4024: 'gestionEnnemis' : types différents pour le paramètre formel et réel 1
C:\Users\Durand\Desktop\Dev\Quetes\B1\Quete 3 Asteroids\Asteroids\CSFML TEMPLATE\main.c(767,48): warning C4047: 'fonction' : les niveaux d'indirection de 'obj *' et de 'obj (*)[10]' sont différents
C:\Users\Durand\Desktop\Dev\Quetes\B1\Quete 3 Asteroids\Asteroids\CSFML TEMPLATE\main.c(767,48): warning C4024: 'gestionEnnemis' : types différents pour le paramètre formel et réel 3
C:\Users\Durand\Desktop\Dev\Quetes\B1\Quete 3 Asteroids\Asteroids\CSFML TEMPLATE\main.c(868,35): warning C4305: '=' : troncation de 'double' à 'float'
C:\Users\Durand\Desktop\Dev\Quetes\B1\Quete 3 Asteroids\Asteroids\CSFML TEMPLATE\main.c(887,24): warning C4305: '=' : troncation de 'double' à 'float'
C:\Users\Durand\Desktop\Dev\Quetes\B1\Quete 3 Asteroids\Asteroids\CSFML TEMPLATE\main.c(901,42): warning C4047: 'fonction' : les niveaux d'indirection de 'const char *' et de 'int' sont différents
C:\Users\Durand\Desktop\Dev\Quetes\B1\Quete 3 Asteroids\Asteroids\CSFML TEMPLATE\main.c(901,42): warning C4024: 'sfText_setString' : types différents pour le paramètre formel et réel 2
C:\Users\Durand\Desktop\Dev\Quetes\B1\Quete 3 Asteroids\Asteroids\CSFML TEMPLATE\main.c(956,55): warning C4305: '=' : troncation de 'double' à 'float'
C:\Users\Durand\Desktop\Dev\Quetes\B1\Quete 3 Asteroids\Asteroids\CSFML TEMPLATE\main.c(963,55): warning C4305: '=' : troncation de 'double' à 'float'
C:\Users\Durand\Desktop\Dev\Quetes\B1\Quete 3 Asteroids\Asteroids\CSFML TEMPLATE\main.c(1009,30): warning C4133: 'fonction' : types incompatibles - de 'sfTexture *' à 'sfSprite *'
C:\Users\Durand\Desktop\Dev\Quetes\B1\Quete 3 Asteroids\Asteroids\CSFML TEMPLATE\main.c(349,15): warning C4101: 'spriteF' : variable locale non référencée
C:\Users\Durand\Desktop\Dev\Quetes\B1\Quete 3 Asteroids\Asteroids\CSFML TEMPLATE\main.c(348,16): warning C4101: 'textureF' : variable locale non référencée
C:\Users\Durand\Desktop\Dev\Quetes\B1\Quete 3 Asteroids\Asteroids\CSFML TEMPLATE\main.c(328,1): warning C4716: 'gestionBoss' : doit retourner une valeur
C:\Users\Durand\Desktop\Dev\Quetes\B1\Quete 3 Asteroids\Asteroids\CSFML TEMPLATE\main.c(267,1): warning C4716: 'gestionEnnemis' : doit retourner une valeur
  SPOYO2.vcxproj -> C:\Users\Durand\Desktop\Dev\Quetes\B1\Quete 3 Asteroids\Asteroids\CSFML TEMPLATE\x64\Debug\Xenomanus.exe
